<app-games [fileText]="fileText" #gameChild></app-games>